0,29,1,16,22,6,35,33,22,11,1,88,99
0,29,1,16,23,17,42,11,54,11,2,38,79
